第六章 Git工具

1.修订版本（Revision）选择
    1.单个修订版本：可以使用给出的 SHA-1 值来指明一次提交

    2.简短的SHA：能够通过你提供的前几个字符来识别你想要的那次提交，只要你提供的那部分 SHA-1 不短于四个字符，并且没有歧义
        git show sha_1

        zhengjuns-MacBook-Pro:ProGit zhengjun$ git show 24c2
            commit 24c2f5a1679e415b848ea3ef669187abb9f5a332 (gitee/master)
            Author: 郑军 <zhengjun1987@outlook.com>
            Date:   Tue Jan 23 01:45:53 2018 +0800

                Pro Git chapter05 Distributed Git 2018-01-23 01:45:48

            diff --git a/README.md b/README.md
            index 10a0fdb..1e8e78e 100644
            --- a/README.md
            +++ b/README.md
            @@ -4,4 +4,8 @@

             第二章 基本操作

            -第三章 分支
            \ No newline at end of file
            +第三章 分支
            +
            +第四章 Git服务器
            +
            +第五章 分布式Git
            \ No newline at end of file
            diff --git a/chapter05 b/chapter05
            new file mode 100644
            index 0000000..247e761
            --- /dev/null
            +++ b/chapter05
            @@ -0,0 +1,35 @@

        传递--abbrev-commit 给gitlog 命令，输出结果里就会使用简短且唯一的值；它默认使用七个字符来表示，不过必要时
        为了避免 SHA-1 的歧义，会增加字符数:

            zhengjuns-MacBook-Pro:ProGit zhengjun$ git log --oneline --abbrev-commit
                c51c09e (HEAD -> master, origin/master) Pro Git chapter05 Distributed Git 2018-1-23 18:21:51
                4e44e26 Pro Git chapter05 Distributed Git 2018-1-23 18:11:18
                3460906 Pro Git chapter05 Distributed Git 2018-1-23 18:11:18
                837874a Pro Git chapter05 Distributed Git 2018-1-23 18:11:18
                fd27ce2 Pro Git chapter05 Distributed Git 2018-1-23 18:11:18
                e8f2b96 Pro Git chapter05 Distributed Git 2018-1-23 16:49:28
                24c2f5a (gitee/master) Pro Git chapter05 Distributed Git 2018-01-23 01:45:48
                671b0e6 Pro Git chapter04 Git Server 2018-1-22 18:16:50
                7645777 Pro Git chapter03 Branch 2018-1-22 16:38:50
                a2186ba Pro Git chapter03 Branch 2018-01-22 01:39:45
                a44a8c8 Merge branch 'dev'
                20e1c38 master分支编辑README.md
                8733cef dev分支编辑README.md
                50b3f02 Pro Git chapter03 Branch 2018-01-22 00:56:22
                3bd5e45 Pro Git chapter02 Basical Operations 2018-01-21 21:55:31
                e79e83a 更新 README.md
                4ccc2d5 更新 README.md
                a20c641 更新 README.md
                68f785a 更新 README.md
                8fe188d Pro Git chapter02 Basical Operations 2018-01-21 02:31:23
                1d33d24 撤销操作 将文件移回原来位置 2018-01-21 01:30:32
                5e0a1ae 删除.gitignore文件之后提交
                cd7cd77 建立.gitignore文件，忽略相关文件
                7ed76ee Merge branch 'master' of https://github.com/zhengjun1987hz/ProGit
                a7a19be Pro Git chapter02 Basical Operations 2018-01-20 20:28:44
                56e7d03 Initial commit
                645119d Pro Git chapter01&chapter02 basical operations 2018-01-20 19:08:48

    3.关于 SHA-1 的简短说明
        如果你真的向仓库里提交了一个跟之前的某个对象具有相同 SHA-1 值的对象，Git 将会
        发现之前的那个对象已经存在在 Git 数据库中，并认为它已经被写入了。如果什么时候你想
        再次检出那个对象时，你会总是得到先前的那个对象的数据。

    4.分支引用
        指明一次提交的最直接的方法要求有一个指向它的分支引用。这样，你就可以在任何需要
        一个提交对象或者 SHA-1 值的 Git 命令中使用该分支名称了。

        这句话的意思是，分支可以被视为其最新的一次commit的引用,以下两句等价
        git show c51c09e
        git show master

        如果你想知道某个分支指向哪个特定的 SHA，或者想看任何一个例子中被简写的 SHA-1，你可以使用一个叫做rev-parse 的 Git 探测工具
        git rev-parse branch_name

        zhengjuns-MacBook-Pro:ProGit zhengjun$ git rev-parse master
        c51c09ec7ef13f0e1c32174568ec8ae632d2d168
        zhengjuns-MacBook-Pro:ProGit zhengjun$ git rev-parse origin/master
        c51c09ec7ef13f0e1c32174568ec8ae632d2d168
        zhengjuns-MacBook-Pro:ProGit zhengjun$ git rev-parse gitee/master
        24c2f5a1679e415b848ea3ef669187abb9f5a332

    5.引用日志里的简称
        git reflog 查看引用日志
            C:\Users\Lenovo\Desktop\GitProjects\ProGit>git reflog
            7f4dfec (HEAD -> master, origin/master, origin/HEAD) HEAD@{0}: pull origin master: Fast-forward
            c51c09e HEAD@{1}: commit (merge): Pro Git chapter05 Distributed Git 2018-1-23 18:21:51
            4e44e26 HEAD@{2}: commit (amend): Pro Git chapter05 Distributed Git 2018-1-23 18:11:18
            5cad965 HEAD@{3}: commit (amend): Pro Git chapter05 Distributed Git 2018-1-23 18:11:18
            3460906 (local/master) HEAD@{4}: commit (amend): Pro Git chapter05 Distributed Git 2018-1-23 18:11:18
            4defca3 HEAD@{5}: pull local master: Merge made by the 'recursive' strategy.
            837874a HEAD@{6}: commit (amend): Pro Git chapter05 Distributed Git 2018-1-23 18:11:18
            2800167 HEAD@{7}: pull origin master: Merge made by the 'recursive' strategy.
            fd27ce2 HEAD@{8}: commit (amend): Pro Git chapter05 Distributed Git 2018-1-23 18:11:18
            4d10cd4 HEAD@{9}: commit (amend): Pro Git chapter05 Distributed Git 2018-1-23 17:37:31
            96e3ad7 HEAD@{10}: commit (amend): Pro Git chapter05 Distributed Git 2018-1-23 17:37:31
            e8f2b96 HEAD@{11}: commit (amend): Pro Git chapter05 Distributed Git 2018-1-23 16:49:28
            27dfa72 HEAD@{12}: commit (amend): Pro Git chapter05 Distributed Git 2018-1-23 15:18:11
            4458cff HEAD@{13}: commit (amend): Pro Git chapter05 Distributed Git 2018-1-23 10:15:36
            829227c HEAD@{14}: commit (amend): Pro Git chapter05 Distributed Git 2018-1-23 10:15:36
            24c2f5a HEAD@{15}: checkout: moving from dev to master
            c315614 HEAD@{16}: checkout: moving from master to dev
            24c2f5a HEAD@{17}: checkout: moving from dev to master
            c315614 HEAD@{18}: checkout: moving from master to dev
            24c2f5a HEAD@{19}: pull origin master: Fast-forward
            671b0e6 HEAD@{20}: commit (amend): Pro Git chapter04 Git Server 2018-1-22 18:16:50
            0d7ebfa HEAD@{21}: commit: Signed-off-by: Zheng Jun <zhengjun1987@outlook.com>
            7645777 HEAD@{22}: checkout: moving from master to master
            7645777 HEAD@{23}: checkout: moving from dev to master
            c315614 HEAD@{24}: commit (merge): merge from origin:dev
            7645777 HEAD@{25}: checkout: moving from master to dev
            7645777 HEAD@{26}: merge dev: Fast-forward
            a2186ba HEAD@{27}: checkout: moving from dev to master
            7645777 HEAD@{28}: commit (amend): Pro Git chapter03 Branch 2018-1-22 16:38:50
            626b367 HEAD@{29}: commit (amend): Pro Git chapter03 Branch 2018-1-22 12:08:59
            05b7a98 HEAD@{30}: commit: Git Pro chapter03 Branch 2018-1-22 10:24:29
            a2186ba HEAD@{31}: checkout: moving from master to dev
            a2186ba HEAD@{32}: clone: from https://github.com/zhengjun1987/ProGit.git
        每次你的分支顶端因为某些原因被修改时，Git 就会为你将信息保存在这个临时历史记录
        里面。你也可以使用这份数据来指明更早的分支。

        查看特定引用git show HEAD@{n}
            C:\Users\Lenovo\Desktop\GitProjects\ProGit>git show HEAD@{4}
            commit 3460906589337d8a055374ca599292cf39185a4d (local/master)
            Merge: 837874a e8f2b96
            Author: Zheng Jun <zhengjun1987@outlook.com>
            Date:   Tue Jan 23 18:16:10 2018 +0800

                Pro Git chapter05 Distributed Git 2018-1-23 18:11:18


            C:\Users\Lenovo\Desktop\GitProjects\ProGit>git show HEAD@{1}
            commit c51c09ec7ef13f0e1c32174568ec8ae632d2d168
            Merge: 4e44e26 3460906
            Author: Zheng Jun <zhengjun1987@outlook.com>
            Date:   Tue Jan 23 18:21:53 2018 +0800

                Pro Git chapter05 Distributed Git 2018-1-23 18:21:51


        想要看类似于git log 输出格式的引用日志信息，你可以运行git log -g
            C:\Users\Lenovo\Desktop\GitProjects\ProGit>git log -g -4
            commit 7f4dfecf0a1b6bde88cdd5137d6d7ce096070d04 (HEAD -> master, origin/master, origin/HEAD)
            Reflog: HEAD@{0} (Zheng Jun <zhengjun1987@outlook.com>)
            Reflog message: pull origin master: Fast-forward
            Author: <E9><83><91><E5><86>▒ <zhengjun1987@outlook.com>
            Date:   Wed Jan 24 01:58:37 2018 +0800

                Pro Git chapter06 Git Tools 2018-01-24 01:58:32

            commit c51c09ec7ef13f0e1c32174568ec8ae632d2d168
            Reflog: HEAD@{1} (Zheng Jun <zhengjun1987@outlook.com>)
            Reflog message: commit (merge): Pro Git chapter05 Distributed Git 2018-1-23 18:21:51
            Author: Zheng Jun <zhengjun1987@outlook.com>
            Date:   Tue Jan 23 18:21:53 2018 +0800

                Pro Git chapter05 Distributed Git 2018-1-23 18:21:51

            commit 4e44e26cacc5b0f7e80fe42009c9094b26e3e76c
            Reflog: HEAD@{2} (Zheng Jun <zhengjun1987@outlook.com>)
            Reflog message: commit (amend): Pro Git chapter05 Distributed Git 2018-1-23 18:11:18
            Author: Zheng Jun <zhengjun1987@outlook.com>
            Date:   Tue Jan 23 18:16:10 2018 +0800

                Pro Git chapter05 Distributed Git 2018-1-23 18:11:18

            commit 5cad9655318435824882d85cd7d50079e580d5b8
            Reflog: HEAD@{3} (Zheng Jun <zhengjun1987@outlook.com>)
            Reflog message: commit (amend): Pro Git chapter05 Distributed Git 2018-1-23 18:11:18
            Author: Zheng Jun <zhengjun1987@outlook.com>
            Date:   Tue Jan 23 18:16:10 2018 +0800

                Pro Git chapter05 Distributed Git 2018-1-23 18:11:18
        引用日志信息只存在于本地——这是一个记录你在你自己的仓库里做过什
        么的日志。其他人拷贝的仓库里的引用日志不会和你的相同；而你新克隆一个仓库的时候，
        引用日志是空的，因为你在仓库里还没有操作。

    6.祖先引用
        在引用最后加上一个^，Git 将其理解为此次提交的父提交。(当前版本不支持)

    7.提交范围
        查看你的试验分支上哪些没有被提交到主分支，那么你就可以使用
        git log master..experiment  所有可从experiment分支中获得而不能从master分支中获得的提交

        C:\Users\Lenovo\Desktop\GitProjects\ProGit>git log local/master..master --oneline
            7f4dfec (HEAD -> master, origin/master, origin/HEAD) Pro Git chapter06 Git Tools 2018-01-24 01:58:32
            c51c09e Pro Git chapter05 Distributed Git 2018-1-23 18:21:51
            4e44e26 Pro Git chapter05 Distributed Git 2018-1-23 18:11:18
        这个功能在 保持当前分支最新 / 预览你将合并的提交 的时候特别有用

    8.Git允许你在引用前使用^字符或者--not指明你不希望提交被包含其中的分支。
      因此下面三个命令是等同的：
      $ git log refA..refB
      $ git log ^refA refB
      $ git log refB --not refA

      三点语法:
      指定被两个引用中的一个包含但又不被两者同时包含的分支。
        C:\Users\Lenovo\Desktop\GitProjects\ProGit>git log origin/master...HEAD
        commit a3cc21092967e73683b8a77b3412968dea52ebae (HEAD -> master)
        Author: <E9><83><91><E5><86>▒ <zhengjun1987@outlook.com>
        Date:   Wed Jan 24 01:58:37 2018 +0800

            Pro Git chapter06 Git Tools 2018-1-24 15:40:25

        commit 7f4dfecf0a1b6bde88cdd5137d6d7ce096070d04 (origin/master, origin/HEAD, local/master)
        Author: <E9><83><91><E5><86>▒ <zhengjun1987@outlook.com>
        Date:   Wed Jan 24 01:58:37 2018 +0800

            Pro Git chapter06 Git Tools 2018-01-24 01:58:32
      此log命令的一个常用参数是--left-right，它会显示每个提交到底处于哪一侧的分支。这使得数据更加有用。

2.交互式暂存
    Git包含一些交互式命令，可以方便地构建只包含特定组合和部分文件的提交。
        C:\Users\Lenovo\Desktop\GitProjects\ProGit>git add -i
                   staged     unstaged path
          1:    unchanged       +15/-0 chapter06.txt

        *** Commands ***
          1: status       2: update       3: revert       4: add untracked
          5: patch        6: diff         7: quit         8: help
        What now>

    1.暂存和撤回文件
        What now>的提示后输入2或者u，这个脚本会提示你那些文件你想要暂存
        每个文件旁边的*表示选中的文件将被暂存
        在update>>提示后直接敲入回车，Git会替你把所有选中的内容暂存
            C:\Users\Lenovo\Desktop\GitProjects\ProGit>git add -i
                       staged     unstaged path
              1:    unchanged       +29/-1 chapter06.txt

            *** Commands ***
              1: status       2: update       3: revert       4: add untracked
              5: patch        6: diff         7: quit         8: help
            What now> 2
                       staged     unstaged path
              1:    unchanged       +29/-1 chapter06.txt
            Update>> 1
                       staged     unstaged path
            * 1:    unchanged       +29/-1 chapter06.txt
            Update>>
            updated 1 path

            *** Commands ***
              1: status       2: update       3: revert       4: add untracked
              5: patch        6: diff         7: quit         8: help
            What now> 1
                       staged     unstaged path
              1:       +29/-1      nothing chapter06.txt

            *** Commands ***
              1: status       2: update       3: revert       4: add untracked
              5: patch        6: diff         7: quit         8: help
            What now> 3
                       staged     unstaged path
              1:       +29/-1      nothing chapter06.txt
            Revert>> 1
                       staged     unstaged path
            * 1:       +29/-1      nothing chapter06.txt
            Revert>>
            reverted 1 path

            *** Commands ***
              1: status       2: update       3: revert       4: add untracked
              5: patch        6: diff         7: quit         8: help
            What now> 1
                       staged     unstaged path
              1:    unchanged       +29/-1 chapter06.txt

            *** Commands ***
              1: status       2: update       3: revert       4: add untracked
              5: patch        6: diff         7: quit         8: help
            What now> 8
            status        - show paths with changes
            update        - add working tree state to the staged set of changes
            revert        - revert staged set of changes back to the HEAD version
            patch         - pick hunks and update selectively
            diff          - view diff between HEAD and index
            add untracked - add contents of untracked files to the staged set of changes

    2.暂存补丁

3.储藏（Stashing）
    当你正在进行项目中某一部分的工作，里面的东西处于一个比较
    杂乱的状态，而你想转到其他分支上进行一些工作。问题是，你不想提交进行了一半的工
    作，否则以后你无法回到这个工作点。解决这个问题的办法就是git stash命令。

    1.储藏你的工作
        git stash           存储(从上次提交之后到)当前的工作状态
        git stash list      查看stash中已经存储的工作状态
        git stash apply     恢复最近的一次工作状态
        git stash apply stash@{2}     恢复list中指定的工作状态

        C:\Users\Lenovo\Desktop\GitProjects\ProGit>git stash
            Saved working directory and index state WIP on master: a3cc210 Pro Git chapter06 Git Tools 2018-1-24 15:40:25

        C:\Users\Lenovo\Desktop\GitProjects\ProGit>git status
            On branch master
            Your branch and 'origin/master' have diverged,
            and have 1 and 1 different commits each, respectively.
              (use "git pull" to merge the remote branch into yours)

            nothing to commit, working tree clean

        C:\Users\Lenovo\Desktop\GitProjects\ProGit>git stash list
            stash@{0}: WIP on master: a3cc210 Pro Git chapter06 Git Tools 2018-1-24 15:40:25

        C:\Users\Lenovo\Desktop\GitProjects\ProGit>git stash apply
            On branch master
            Your branch and 'origin/master' have diverged,
            and have 1 and 1 different commits each, respectively.
              (use "git pull" to merge the remote branch into yours)

            Changes not staged for commit:
              (use "git add <file>..." to update what will be committed)
              (use "git checkout -- <file>..." to discard changes in working directory)

                    modified:   chapter06.txt

            no changes added to commit (use "git add" and/or "git commit -a")

        可以在其中一个分支上保留一份储藏，随后切换到另外一个分支，再重新应用这些变更--stash功能可以跨分支使用
        apply最近一次stash的内容之后再查看stash缓存中的内容发现list中的条目并未减少

        工作目录里包含已修改和未提交的文件时，你也可以使用stash——Git 会给出归并冲突如果有任何变更无法干净地被应用。

        对文件的变更被重新应用，但是被暂存的文件没有重新被暂存。想那样的话，你必须在运
        行git stash apply 命令时带上一个--index 的选项来告诉命令重新应用被暂存的变更。
            C:\Users\Lenovo\Desktop\GitProjects\ProGit>git add README.md    //修改文件后暂存该文件

            C:\Users\Lenovo\Desktop\GitProjects\ProGit>git status   //查询文件状态
            On branch current
            Changes to be committed:
              (use "git reset HEAD <file>..." to unstage)

                    modified:   README.md       //该文件已经处于staged状态

            Changes not staged for commit:
              (use "git add <file>..." to update what will be committed)
              (use "git checkout -- <file>..." to discard changes in working directory)

                    modified:   chapter06.txt   //参照文件未暂存


            C:\Users\Lenovo\Desktop\GitProjects\ProGit>git stash    //stash操作
                Saved working directory and index state WIP on current: 344d3c8 Merge branch 'master' of https://github.com/zhengjun1987/ProGit

            C:\Users\Lenovo\Desktop\GitProjects\ProGit>git checkout -b dev  //切换到新的分支
                Switched to a new branch 'dev'

            C:\Users\Lenovo\Desktop\GitProjects\ProGit>git stash apply      //恢复刚刚stash的状态,不使用--index修饰符
                On branch dev
                Changes not staged for commit:
                  (use "git add <file>..." to update what will be committed)
                  (use "git checkout -- <file>..." to discard changes in working directory)

                        modified:   README.md
                        modified:   chapter06.txt

                no changes added to commit (use "git add" and/or "git commit -a")

            C:\Users\Lenovo\Desktop\GitProjects\ProGit>git status           //查询文件状态
                On branch dev
                Changes not staged for commit:
                  (use "git add <file>..." to update what will be committed)
                  (use "git checkout -- <file>..." to discard changes in working directory)

                        modified:   README.md       //处于modified状态,而非stash时候的staged状态
                        modified:   chapter06.txt   //参照文件正常属于modified状态

                no changes added to commit (use "git add" and/or "git commit -a")

            C:\Users\Lenovo\Desktop\GitProjects\ProGit>git checkout -- .    //撤销刚刚的恢复stash状态操作

            C:\Users\Lenovo\Desktop\GitProjects\ProGit>git status           //再次查询文件状态,确认刚刚的操作已经被撤销
                On branch dev
                nothing to commit, working tree clean

            C:\Users\Lenovo\Desktop\GitProjects\ProGit>git stash apply --index      //再次恢复之前stash的状态,此次使用--index修饰符
                On branch dev
                Changes to be committed:
                  (use "git reset HEAD <file>..." to unstage)

                        modified:   README.md           //此次文件处于staged状态,说明了--index修饰符的作用

                Changes not staged for commit:
                  (use "git add <file>..." to update what will be committed)
                  (use "git checkout -- <file>..." to discard changes in working directory)

                        modified:   chapter06.txt       //参照文件依然处于modified状态

        apply 选项只尝试应用储藏的工作——储藏的内容仍然在栈上。要移除它，你可以运行
        git stash drop，加上你希望移除的储藏的名字
            C:\Users\Lenovo\Desktop\GitProjects\ProGit>git stash list
                stash@{0}: WIP on current: 344d3c8 Merge branch 'master' of https://github.com/zhengjun1987/ProGit
                stash@{1}: On dev: Latest content
                stash@{2}: WIP on master: 344d3c8 Merge branch 'master' of https://github.com/zhengjun1987/ProGit
                stash@{3}: WIP on master: a3cc210 Pro Git chapter06 Git Tools 2018-1-24 15:40:25

            C:\Users\Lenovo\Desktop\GitProjects\ProGit>git stash drop stash@{0}
                Dropped stash@{0} (f2a1c835a0c4f60ad34fbbc82da8b38c282eef71)

            C:\Users\Lenovo\Desktop\GitProjects\ProGit>git stash list
                stash@{0}: On dev: Latest content
                stash@{1}: WIP on master: 344d3c8 Merge branch 'master' of https://github.com/zhengjun1987/ProGit
                stash@{2}: WIP on master: a3cc210 Pro Git chapter06 Git Tools 2018-1-24 15:40:25

        你也可以运行git stash pop 来重新应用储藏，同时立刻将其从堆栈中移走
            C:\Users\Lenovo\Desktop\GitProjects\ProGit>git stash list
                stash@{0}: On current: Working branch switch 2018-1-25 11:27:47
                stash@{1}: On dev: Latest content
                stash@{2}: WIP on master: 344d3c8 Merge branch 'master' of https://github.com/zhengjun1987/ProGit
                stash@{3}: WIP on master: a3cc210 Pro Git chapter06 Git Tools 2018-1-24 15:40:25

            C:\Users\Lenovo\Desktop\GitProjects\ProGit>git stash pop
                On branch current
                Changes not staged for commit:
                  (use "git add <file>..." to update what will be committed)
                  (use "git checkout -- <file>..." to discard changes in working directory)

                        modified:   README.md
                        modified:   chapter06.txt

                no changes added to commit (use "git add" and/or "git commit -a")
                Dropped refs/stash@{0} (83d580531d09da10b729bd998e3020e5c52ae5aa)

            C:\Users\Lenovo\Desktop\GitProjects\ProGit>git stash list
                stash@{0}: On dev: Latest content
                stash@{1}: WIP on master: 344d3c8 Merge branch 'master' of https://github.com/zhengjun1987/ProGit
                stash@{2}: WIP on master: a3cc210 Pro Git chapter06 Git Tools 2018-1-24 15:40:25

        为stash内容添加描述性备注信息
            git stash push -m 'message content'

            C:\Users\Lenovo\Desktop\GitProjects\ProGit>git stash push -m "Working branch switch 2018-1-25 11:27:47"
                Saved working directory and index state On current: Working branch switch 2018-1-25 11:27:47
            C:\Users\Lenovo\Desktop\GitProjects\ProGit>git stash list
                stash@{0}: On current: Working branch switch 2018-1-25 11:27:47
                stash@{1}: On dev: Latest content
                stash@{2}: WIP on master: 344d3c8 Merge branch 'master' of https://github.com/zhengjun1987/ProGit
                stash@{3}: WIP on master: a3cc210 Pro Git chapter06 Git Tools 2018-1-24 15:40:25

        清除stash所有项目
            git stash clear

            C:\Users\Lenovo\Desktop\GitProjects\ProGit>git stash clear

            C:\Users\Lenovo\Desktop\GitProjects\ProGit>git stash list

    2.取消储藏(Un-applying a Stash)
        在某些情况下，你可能想应用储藏的修改，在进行了一些其他的修改后，又要取消之前所
        应用储藏的修改。Git没有提供类似于stash unapply 的命令
        书上提供了一种解决方案:git stash show -p stash@{0} | git apply -R
        自己认为的解决方案:git checkout --

    3.从储藏中创建分支
        git stash branch branch_name    会创建一个新的分支，检出你储藏工作时的所处的提交，重新应用你的工作，如果成功，将会丢弃储藏。

            C:\Users\Lenovo\Desktop\GitProjects\ProGit>git stash push -m "stash 2018-1-25 14:49:50"     //stash当前的分支工作
                Saved working directory and index state On editor: stash 2018-1-25 14:49:50

            C:\Users\Lenovo\Desktop\GitProjects\ProGit>git stash branch stash_n                         //在刚刚stash的基础上创建新分支并切换到新分支上
                Switched to a new branch 'stash_n'
                On branch stash_n
                Changes not staged for commit:
                  (use "git add <file>..." to update what will be committed)
                  (use "git checkout -- <file>..." to discard changes in working directory)

                        modified:   README.md
                        modified:   chapter06.txt

                no changes added to commit (use "git add" and/or "git commit -a")
                Dropped refs/stash@{0} (178243979d02690fe72fc98cb5bb2ccba041d873)                       //旧的stash同时被删除

            C:\Users\Lenovo\Desktop\GitProjects\ProGit>git stash list                                   //查询stash列表为空

4.重写历史
    很多时候，在 Git 上工作的时候，你也许会由于某种原因想要修订你的提交历史。在这一节中，你会学到如何完成这些很有用的任务以使你的提交历史在你将其共享给别人
    之前变成你想要的样子。

    1.改变最近一次提交
        git commit --amend  -a -m 'message about this commit'   改变提交说明，或者改变你刚刚通过增加，改变，删除而记录的快照
        使用这项技术的时候你必须小心，因为修正会改变提交的SHA-1值。
        这个很像是一次非常小的rebase——不要在你最近一次提交被推送后还去修正它。
            C:\Users\Lenovo\Desktop\GitProjects\ProGit>git log -5 --oneline
                344d3c8 (HEAD -> stash_n, origin/master, origin/HEAD, local/master, master) Merge branch 'master' of https://github.com/zhengjun1987/ProGit
                9178d79 Pro Git chapter06 Git Tools 2018-1-24 18:18:15
                7f4dfec Pro Git chapter06 Git Tools 2018-01-24 01:58:32
                c51c09e Pro Git chapter05 Distributed Git 2018-1-23 18:21:51
                4e44e26 Pro Git chapter05 Distributed Git 2018-1-23 18:11:18

            C:\Users\Lenovo\Desktop\GitProjects\ProGit>git commit -a -m "Pro Git chapter06 Git Tools 2018-1-25 15:38:57"
                [stash_n a117bff] Pro Git chapter06 Git Tools 2018-1-25 15:38:57
                 2 files changed, 179 insertions(+), 6 deletions(-)

            C:\Users\Lenovo\Desktop\GitProjects\ProGit>git log -5 --oneline
                a117bff (HEAD -> stash_n) Pro Git chapter06 Git Tools 2018-1-25 15:38:57
                344d3c8 (origin/master, origin/HEAD, local/master, master) Merge branch 'master' of https://github.com/zhengjun1987/ProGit
                9178d79 Pro Git chapter06 Git Tools 2018-1-24 18:18:15
                7f4dfec Pro Git chapter06 Git Tools 2018-01-24 01:58:32
                c51c09e Pro Git chapter05 Distributed Git 2018-1-23 18:21:51

            C:\Users\Lenovo\Desktop\GitProjects\ProGit>git commit --amend -a -m "Pro Git chapter06 Git Tools 2018-1-25 15:46:05"
                [stash_n eb872c2] Pro Git chapter06 Git Tools 2018-1-25 15:46:05
                 Date: Thu Jan 25 15:39:42 2018 +0800
                 2 files changed, 195 insertions(+), 6 deletions(-)

            C:\Users\Lenovo\Desktop\GitProjects\ProGit>git log -5 --oneline
                eb872c2 (HEAD -> stash_n) Pro Git chapter06 Git Tools 2018-1-25 15:46:05
                344d3c8 (origin/master, origin/HEAD, local/master, master) Merge branch 'master' of https://github.com/zhengjun1987/ProGit
                9178d79 Pro Git chapter06 Git Tools 2018-1-24 18:18:15
                7f4dfec Pro Git chapter06 Git Tools 2018-01-24 01:58:32
                c51c09e Pro Git chapter05 Distributed Git 2018-1-23 18:21:51


    2.修改多个提交说明
        使用rebase工具来衍合一系列的提交到它们原来所在的HEAD上而不是移到新的上。依靠这个交互式的rebase工具，你就可以停留在每一次提交后，如果你想修改或改变
        说明、增加文件或任何其他事情。你可以通过给git rebase增加-i选项来以交互方式地运行rebase。你必须通过告诉命令衍合到哪次提交，来指明你需要重写的提交的回溯深度。
            git rebase -i HEAD~3    这是一个衍合命令——HEAD~3..HEAD范围内的每一次提交都会被重写，无论你是否修改说明
            pick f7f3f6d changed my name a bit
            pick 310154e updated README formatting and added blame
            pick a5f4a0d added cat-file
        注意这些提交的顺序与你通常通过log命令看到的是相反的

    3.重排提交
        使用交互式的衍合来彻底重排或删除提交

    4.压制(Squashing)提交--交互式的衍合工具还可以将一系列提交压制为单一提交
        如果不用“pick”或者“edit”，而是指定“squash”，Git 会同时应用那个变更和它之
        前的变更并将提交说明归并。

    5.拆分提交

    6.核弹级选项: filter-branch
        filter-branch，这个会大面积地修改你的历史，所以你很有可能不该去用它，除非你的项目尚未公开，没有其他人
        在你准备修改的提交的基础上工作。尽管如此，这个可以非常有用。你会学习一些常见用法，借此对它的能力有所认识。

        1.从所有提交中删除一个文件
            不经思考使用git add .导致意外提交了一个文件而想从所有地方删除它--filter-branch清理整个历史的工具
            git filter-branch --tree-filter 'rm -f passwords.txt' HEAD
            --tree-filter选项会在每次检出项目时先执行指定的命令然后重新提交结果
            Git 重写目录树并且提交，然后将分支指针移到末尾

        2.将一个子目录设置为新的根目录
            从另外一个代码控制系统的导入工作，得到了一些没有意义的子目录（trunk, tags等等）。如果你想让trunk子目录成为每一次提交的新的项目根目录:
            git filter-branch --subdirectory-filter trunk HEAD

        3.全局性地更换电子邮件地址
            $ git filter-branch --commit-filter '
            if [ "$GIT_AUTHOR_EMAIL" = "schacon@localhost" ];
            then
            GIT_AUTHOR_NAME="Scott Chacon";
            GIT_AUTHOR_EMAIL="schacon@example.com";
            git commit-tree "$@";
            else
            git commit-tree "$@";
            fi' HEAD

5.使用 Git 调试
    Git 同样提供了一些工具来帮助你调试项目中遇到的问题。由于 Git 被设计为可应用于几
    乎任何类型的项目，这些工具是通用型，但是在遇到问题时可以经常帮助你查找缺陷所在。

    1.文件标注
        文件标注会显示文件中对每一行进行修改的最近一次提交。因此，如果你发现自己代码中的一个方法存在缺陷，你可以用git blame来标注文件，查看那个方法的每一行分别是由谁在
        哪一天修改的
        git blame -L 12,22 simplegit.rb

            C:\Users\Lenovo\Desktop\GitProjects\ProGit>git blame -L 12,15 chapter06.txt
                9178d79b (<E9><83><91><E5><86>▒ 2018-01-24 01:58:37 +0800 12)             Date:   Tue Jan 23 01:45:53 2018 +0800
                9178d79b (<E9><83><91><E5><86>▒ 2018-01-24 01:58:37 +0800 13)
                9178d79b (<E9><83><91><E5><86>▒ 2018-01-24 01:58:37 +0800 14)                 Pro Git chapter05 Distributed Git 2018-01-23 01:45:48
                9178d79b (<E9><83><91><E5><86>▒ 2018-01-24 01:58:37 +0800 15)

            C:\Users\Lenovo\Desktop\GitProjects\ProGit>git blame -L 112,115 chapter06.txt
                9178d79b (<E9><83><91><E5><86>▒ 2018-01-24 01:58:37 +0800 112)             24c2f5a HEAD@{15}: checkout: moving from dev to master
                9178d79b (<E9><83><91><E5><86>▒ 2018-01-24 01:58:37 +0800 113)             c315614 HEAD@{16}: checkout: moving from master to dev
                9178d79b (<E9><83><91><E5><86>▒ 2018-01-24 01:58:37 +0800 114)             24c2f5a HEAD@{17}: checkout: moving from dev to master
                9178d79b (<E9><83><91><E5><86>▒ 2018-01-24 01:58:37 +0800 115)             c315614 HEAD@{18}: checkout: moving from master to dev

            C:\Users\Lenovo\Desktop\GitProjects\ProGit>git blame -L 312,315 chapter06.txt
                9178d79b (<E9><83><91><E5><86>▒ 2018-01-24 01:58:37 +0800 312)               (use "git pull" to merge the remote branch into yours)
                9178d79b (<E9><83><91><E5><86>▒ 2018-01-24 01:58:37 +0800 313)
                9178d79b (<E9><83><91><E5><86>▒ 2018-01-24 01:58:37 +0800 314)             nothing to commit, working tree clean
                9178d79b (<E9><83><91><E5><86>▒ 2018-01-24 01:58:37 +0800 315)

            第一个域里是最后一次修改该行的那次提交的 SHA-1 值
            接下去的两个域是从那次提交中抽取的值——作者姓名和日期——所以你可以方便地获知谁在什么时候修改了这一行。
            此后是行号和文件的内容。





